sat
sat
(
  (A_comp_id #b00000010)
  (A_pcomp_id #b00000000)
  (A_r_inst_id #b00000000)
  (A_r_pool_id #b00000001)
  (B_comp_id #b00000010)
  (B_pcomp_id #b00000000)
  (B_r_inst_id #b00000001)
  (B_r_pool_id #b00000001)
  (C_comp_id #b00000010)
  (C_pcomp_id #b00000000)
  (C_r_inst_id #b00000001)
  (C_r_pool_id #b00000001)
)
sat
(
  (A_comp_id #b00000001)
  (A_pcomp_id #b00000000)
  (A_r_inst_id #b00000001)
  (A_r_pool_id #b00000000)
  (B_comp_id #b00000010)
  (B_pcomp_id #b00000000)
  (B_r_inst_id #b00000001)
  (B_r_pool_id #b00000001)
  (C_comp_id #b00000010)
  (C_pcomp_id #b00000000)
  (C_r_inst_id #b00000001)
  (C_r_pool_id #b00000001)
)
sat
(
  (A_comp_id #b00000010)
  (A_pcomp_id #b00000000)
  (A_r_inst_id #b00000000)
  (A_r_pool_id #b00000001)
  (B_comp_id #b00000010)
  (B_pcomp_id #b00000000)
  (B_r_inst_id #b00000001)
  (B_r_pool_id #b00000001)
  (C_comp_id #b00000001)
  (C_pcomp_id #b00000000)
  (C_r_inst_id #b00000001)
  (C_r_pool_id #b00000000)
)
sat
(
  (A_comp_id #b00000010)
  (A_pcomp_id #b00000000)
  (A_r_inst_id #b00000001)
  (A_r_pool_id #b00000001)
  (B_comp_id #b00000010)
  (B_pcomp_id #b00000000)
  (B_r_inst_id #b00000000)
  (B_r_pool_id #b00000001)
  (C_comp_id #b00000001)
  (C_pcomp_id #b00000000)
  (C_r_inst_id #b00000000)
  (C_r_pool_id #b00000000)
)
sat
(
  (A_comp_id #b00000010)
  (A_pcomp_id #b00000000)
  (A_r_inst_id #b00000001)
  (A_r_pool_id #b00000001)
  (B_comp_id #b00000010)
  (B_pcomp_id #b00000000)
  (B_r_inst_id #b00000000)
  (B_r_pool_id #b00000001)
  (C_comp_id #b00000001)
  (C_pcomp_id #b00000000)
  (C_r_inst_id #b00000000)
  (C_r_pool_id #b00000000)
)
